// Vitest Snapshot v1

exports[`App should render index page 1`] = `
<div
  className="App"
>
  <div>
    <a
      href="https://vitejs.dev"
      target="_blank"
    >
      <img
        alt="Vite logo"
        className="logo"
        src="/vite.svg"
      />
    </a>
    <a
      href="https://reactjs.org"
      target="_blank"
    >
      <img
        alt="React logo"
        className="logo react"
        src="/src/assets/react.svg"
      />
    </a>
  </div>
  <h1>
    Vite + React
  </h1>
  <div
    className="_card_43ab0b"
  >
    <button
      onClick={[Function]}
    >
      count is 
      0
    </button>
    <p>
      Edit 
      <code>
        src/App.tsx
      </code>
       and save to test HMR
    </p>
  </div>
  <p
    className="read-the-docs"
  >
    Click on the Vite and React logos to learn more
  </p>
</div>
`;
